// Jest Snapshot v1, https://goo.gl/fbAQLP

exports[`Footer component: matches the snapshot 1`] = `
<DocumentFragment>
  <footer
    class=""
  >
    <span>
      <strong>
        netflix
      </strong>
      roulette
    </span>
  </footer>
</DocumentFragment>
`;
