// Jest Snapshot v1, https://goo.gl/fbAQLP

exports[`Image component: matches the snapshot 1`] = `
<DocumentFragment>
  <div
    class=""
  >
    <img
      alt="test alt text"
      role="img"
      src="assets/images/Fallback.jpg"
    />
  </div>
</DocumentFragment>
`;
